// Jest Snapshot v1, https://goo.gl/fbAQLP

exports[`<AddToDashboardScale /> - snapshot renders AddToDashboardScale 1`] = `
Array [
  <View
    accessibilityLabel="Temperature, true , "
    accessible={false}
    importantForAccessibility="yes"
    style={
      Array [
        Object {
          "backgroundColor": "#f5f5f5",
          "borderRadius": 2,
          "elevation": 2,
          "marginTop": 10.416375,
          "shadowColor": "#000",
          "shadowOffset": Object {
            "height": 1,
            "width": 0,
          },
          "shadowOpacity": 0.23,
          "shadowRadius": 2,
        },
        Object {
          "marginHorizontal": 20.83275,
        },
      ]
    }
  >
    <View
      style={
        Array [
          Object {
            "alignItems": "center",
            "backgroundColor": "transparent",
            "borderRadius": 2,
            "flexDirection": "row",
            "justifyContent": "space-between",
            "overflow": "hidden",
            "padding": 30,
          },
          undefined,
        ]
      }
    >
      <View
        style={
          Object {
            "alignItems": "center",
            "backgroundColor": "transparent",
            "flexDirection": "row",
            "justifyContent": "flex-start",
          }
        }
      >
        <Text
          allowFontScaling={false}
          style={
            Array [
              Object {
                "backgroundColor": "transparent",
                "color": "#000",
                "fontFamily": "SuisseIntl",
                "fontSize": 30,
                "justifyContent": "center",
              },
              undefined,
            ]
          }
        >
          Temperature
        </Text>
      </View>
      <RCTSwitch
        accessibilityRole="switch"
        onChange={[Function]}
        onResponderTerminationRequest={[Function]}
        onStartShouldSetResponder={[Function]}
        onTintColor="#ccc"
        style={
          Array [
            Object {
              "height": 31,
              "width": 51,
            },
            Array [
              Object {
                "justifyContent": "flex-end",
              },
              Object {
                "transform": Array [
                  Object {
                    "scaleX": 0.8,
                  },
                  Object {
                    "scaleY": 0.8,
                  },
                ],
              },
            ],
          ]
        }
        thumbTintColor="#000000"
        tintColor="#cccccc"
        value={true}
      />
    </View>
  </View>,
  <View
    accessibilityLabel="Humidity, true , "
    accessible={false}
    importantForAccessibility="yes"
    style={
      Array [
        Object {
          "backgroundColor": "#f5f5f5",
          "borderRadius": 2,
          "elevation": 2,
          "marginTop": 10.416375,
          "shadowColor": "#000",
          "shadowOffset": Object {
            "height": 1,
            "width": 0,
          },
          "shadowOpacity": 0.23,
          "shadowRadius": 2,
        },
        Object {
          "marginHorizontal": 20.83275,
        },
      ]
    }
  >
    <View
      style={
        Array [
          Object {
            "alignItems": "center",
            "backgroundColor": "transparent",
            "borderRadius": 2,
            "flexDirection": "row",
            "justifyContent": "space-between",
            "overflow": "hidden",
            "padding": 30,
          },
          undefined,
        ]
      }
    >
      <View
        style={
          Object {
            "alignItems": "center",
            "backgroundColor": "transparent",
            "flexDirection": "row",
            "justifyContent": "flex-start",
          }
        }
      >
        <Text
          allowFontScaling={false}
          style={
            Array [
              Object {
                "backgroundColor": "transparent",
                "color": "#000",
                "fontFamily": "SuisseIntl",
                "fontSize": 30,
                "justifyContent": "center",
              },
              undefined,
            ]
          }
        >
          Humidity
        </Text>
      </View>
      <RCTSwitch
        accessibilityRole="switch"
        onChange={[Function]}
        onResponderTerminationRequest={[Function]}
        onStartShouldSetResponder={[Function]}
        onTintColor="#ccc"
        style={
          Array [
            Object {
              "height": 31,
              "width": 51,
            },
            Array [
              Object {
                "justifyContent": "flex-end",
              },
              Object {
                "transform": Array [
                  Object {
                    "scaleX": 0.8,
                  },
                  Object {
                    "scaleY": 0.8,
                  },
                ],
              },
            ],
          ]
        }
        thumbTintColor="#000000"
        tintColor="#cccccc"
        value={true}
      />
    </View>
  </View>,
  <View
    accessibilityLabel="UV Index, true , "
    accessible={false}
    importantForAccessibility="yes"
    style={
      Array [
        Object {
          "backgroundColor": "#f5f5f5",
          "borderRadius": 2,
          "elevation": 2,
          "marginTop": 10.416375,
          "shadowColor": "#000",
          "shadowOffset": Object {
            "height": 1,
            "width": 0,
          },
          "shadowOpacity": 0.23,
          "shadowRadius": 2,
        },
        Object {
          "marginHorizontal": 20.83275,
        },
      ]
    }
  >
    <View
      style={
        Array [
          Object {
            "alignItems": "center",
            "backgroundColor": "transparent",
            "borderRadius": 2,
            "flexDirection": "row",
            "justifyContent": "space-between",
            "overflow": "hidden",
            "padding": 30,
          },
          undefined,
        ]
      }
    >
      <View
        style={
          Object {
            "alignItems": "center",
            "backgroundColor": "transparent",
            "flexDirection": "row",
            "justifyContent": "flex-start",
          }
        }
      >
        <Text
          allowFontScaling={false}
          style={
            Array [
              Object {
                "backgroundColor": "transparent",
                "color": "#000",
                "fontFamily": "SuisseIntl",
                "fontSize": 30,
                "justifyContent": "center",
              },
              undefined,
            ]
          }
        >
          UV Index
        </Text>
      </View>
      <RCTSwitch
        accessibilityRole="switch"
        onChange={[Function]}
        onResponderTerminationRequest={[Function]}
        onStartShouldSetResponder={[Function]}
        onTintColor="#ccc"
        style={
          Array [
            Object {
              "height": 31,
              "width": 51,
            },
            Array [
              Object {
                "justifyContent": "flex-end",
              },
              Object {
                "transform": Array [
                  Object {
                    "scaleX": 0.8,
                  },
                  Object {
                    "scaleY": 0.8,
                  },
                ],
              },
            ],
          ]
        }
        thumbTintColor="#000000"
        tintColor="#cccccc"
        value={true}
      />
    </View>
  </View>,
  <View
    accessibilityLabel="Luminance, true , "
    accessible={false}
    importantForAccessibility="yes"
    style={
      Array [
        Object {
          "backgroundColor": "#f5f5f5",
          "borderRadius": 2,
          "elevation": 2,
          "marginTop": 10.416375,
          "shadowColor": "#000",
          "shadowOffset": Object {
            "height": 1,
            "width": 0,
          },
          "shadowOpacity": 0.23,
          "shadowRadius": 2,
        },
        Object {
          "marginHorizontal": 20.83275,
        },
      ]
    }
  >
    <View
      style={
        Array [
          Object {
            "alignItems": "center",
            "backgroundColor": "transparent",
            "borderRadius": 2,
            "flexDirection": "row",
            "justifyContent": "space-between",
            "overflow": "hidden",
            "padding": 30,
          },
          undefined,
        ]
      }
    >
      <View
        style={
          Object {
            "alignItems": "center",
            "backgroundColor": "transparent",
            "flexDirection": "row",
            "justifyContent": "flex-start",
          }
        }
      >
        <Text
          allowFontScaling={false}
          style={
            Array [
              Object {
                "backgroundColor": "transparent",
                "color": "#000",
                "fontFamily": "SuisseIntl",
                "fontSize": 30,
                "justifyContent": "center",
              },
              undefined,
            ]
          }
        >
          Luminance
        </Text>
      </View>
      <RCTSwitch
        accessibilityRole="switch"
        onChange={[Function]}
        onResponderTerminationRequest={[Function]}
        onStartShouldSetResponder={[Function]}
        onTintColor="#ccc"
        style={
          Array [
            Object {
              "height": 31,
              "width": 51,
            },
            Array [
              Object {
                "justifyContent": "flex-end",
              },
              Object {
                "transform": Array [
                  Object {
                    "scaleX": 0.8,
                  },
                  Object {
                    "scaleY": 0.8,
                  },
                ],
              },
            ],
          ]
        }
        thumbTintColor="#000000"
        tintColor="#cccccc"
        value={true}
      />
    </View>
  </View>,
]
`;
