// Jest Snapshot v1, https://goo.gl/fbAQLP

exports[`renders SSetting when isOneSelected using Snapshots 1`] = `
<View
  colorScheme="light"
  colors={
    Object {
      "ShadeOne": "#eeeeee",
      "ShadeThree": "#8e8e93",
      "ShadeTwo": "#b5b5b5",
      "activeTintOne": "#e26901",
      "background": "#fff",
      "border": "#C9C9CE",
      "card": "#fff",
      "inActiveTintOne": "#e26901",
      "primary": "#1b365d",
      "screenBackground": "#eeeeee",
      "text": "#A59F9A",
      "textFive": "#555555",
      "textFour": "#4C4C4C",
      "textThree": "#000",
      "textTwo": "#777777",
    }
  }
  dark={false}
  style={
    Object {
      "alignItems": "center",
      "backgroundColor": "transparent",
      "flexDirection": "column",
      "justifyContent": "center",
    }
  }
>
  <View
    colorScheme="light"
    colors={
      Object {
        "ShadeOne": "#eeeeee",
        "ShadeThree": "#8e8e93",
        "ShadeTwo": "#b5b5b5",
        "activeTintOne": "#e26901",
        "background": "#fff",
        "border": "#C9C9CE",
        "card": "#fff",
        "inActiveTintOne": "#e26901",
        "primary": "#1b365d",
        "screenBackground": "#eeeeee",
        "text": "#A59F9A",
        "textFive": "#555555",
        "textFour": "#4C4C4C",
        "textThree": "#000",
        "textTwo": "#777777",
      }
    }
    dark={false}
    style={
      Object {
        "alignItems": "center",
        "backgroundColor": "transparent",
        "flexDirection": "row",
        "justifyContent": "center",
      }
    }
  >
    <View
      style={
        Object {
          "marginLeft": 20.83275,
          "marginTop": 20.83275,
        }
      }
    >
      <View
        accessible={true}
        focusable={true}
        onClick={[Function]}
        onResponderGrant={[Function]}
        onResponderMove={[Function]}
        onResponderRelease={[Function]}
        onResponderTerminate={[Function]}
        onResponderTerminationRequest={[Function]}
        onStartShouldSetResponder={[Function]}
        style={
          Object {
            "alignItems": "center",
            "alignSelf": "center",
            "borderColor": "#1b365d",
            "borderRadius": 23.5,
            "borderWidth": 3,
            "height": 47,
            "justifyContent": "center",
            "opacity": 1,
            "width": 47,
          }
        }
      >
        <View
          style={
            Array [
              Object {
                "borderRadius": 10,
              },
              Object {
                "backgroundColor": "#2196f3",
                "height": 20,
                "width": 20,
              },
              Object {
                "borderRadius": 11.75,
                "height": 23.5,
                "width": 23.5,
              },
              Object {
                "backgroundColor": "#1b365d",
              },
            ]
          }
        />
      </View>
    </View>
  </View>
  <View
    colorScheme="light"
    colors={
      Object {
        "ShadeOne": "#eeeeee",
        "ShadeThree": "#8e8e93",
        "ShadeTwo": "#b5b5b5",
        "activeTintOne": "#e26901",
        "background": "#fff",
        "border": "#C9C9CE",
        "card": "#fff",
        "inActiveTintOne": "#e26901",
        "primary": "#1b365d",
        "screenBackground": "#eeeeee",
        "text": "#A59F9A",
        "textFive": "#555555",
        "textFour": "#4C4C4C",
        "textThree": "#000",
        "textTwo": "#777777",
      }
    }
    dark={false}
    style={
      Object {
        "alignItems": "center",
        "backgroundColor": "transparent",
        "flexDirection": "row",
        "justifyContent": "center",
      }
    }
  >
    <View
      style={
        Object {
          "marginLeft": 20.83275,
          "marginTop": 20.83275,
        }
      }
    >
      <View
        accessible={true}
        focusable={true}
        onClick={[Function]}
        onResponderGrant={[Function]}
        onResponderMove={[Function]}
        onResponderRelease={[Function]}
        onResponderTerminate={[Function]}
        onResponderTerminationRequest={[Function]}
        onStartShouldSetResponder={[Function]}
        style={
          Object {
            "alignItems": "center",
            "alignSelf": "center",
            "borderColor": "#1b365d",
            "borderRadius": 23.5,
            "borderWidth": 3,
            "height": 47,
            "justifyContent": "center",
            "opacity": 1,
            "width": 47,
          }
        }
      >
        <View
          style={
            Array [
              Object {
                "borderRadius": 10,
              },
              undefined,
              undefined,
              undefined,
            ]
          }
        />
      </View>
    </View>
  </View>
  <View
    colorScheme="light"
    colors={
      Object {
        "ShadeOne": "#eeeeee",
        "ShadeThree": "#8e8e93",
        "ShadeTwo": "#b5b5b5",
        "activeTintOne": "#e26901",
        "background": "#fff",
        "border": "#C9C9CE",
        "card": "#fff",
        "inActiveTintOne": "#e26901",
        "primary": "#1b365d",
        "screenBackground": "#eeeeee",
        "text": "#A59F9A",
        "textFive": "#555555",
        "textFour": "#4C4C4C",
        "textThree": "#000",
        "textTwo": "#777777",
      }
    }
    dark={false}
    style={
      Object {
        "alignItems": "center",
        "backgroundColor": "transparent",
        "flexDirection": "row",
        "justifyContent": "center",
      }
    }
  >
    <View
      style={
        Object {
          "marginLeft": 20.83275,
          "marginTop": 20.83275,
        }
      }
    >
      <View
        accessible={true}
        focusable={true}
        onClick={[Function]}
        onResponderGrant={[Function]}
        onResponderMove={[Function]}
        onResponderRelease={[Function]}
        onResponderTerminate={[Function]}
        onResponderTerminationRequest={[Function]}
        onStartShouldSetResponder={[Function]}
        style={
          Object {
            "alignItems": "center",
            "alignSelf": "center",
            "borderColor": "#1b365d",
            "borderRadius": 23.5,
            "borderWidth": 3,
            "height": 47,
            "justifyContent": "center",
            "opacity": 1,
            "width": 47,
          }
        }
      >
        <View
          style={
            Array [
              Object {
                "borderRadius": 10,
              },
              undefined,
              undefined,
              undefined,
            ]
          }
        />
      </View>
    </View>
  </View>
</View>
`;

exports[`renders SSetting when isThreeSelected using Snapshots 1`] = `
<View
  colorScheme="light"
  colors={
    Object {
      "ShadeOne": "#eeeeee",
      "ShadeThree": "#8e8e93",
      "ShadeTwo": "#b5b5b5",
      "activeTintOne": "#e26901",
      "background": "#fff",
      "border": "#C9C9CE",
      "card": "#fff",
      "inActiveTintOne": "#e26901",
      "primary": "#1b365d",
      "screenBackground": "#eeeeee",
      "text": "#A59F9A",
      "textFive": "#555555",
      "textFour": "#4C4C4C",
      "textThree": "#000",
      "textTwo": "#777777",
    }
  }
  dark={false}
  style={
    Object {
      "alignItems": "center",
      "backgroundColor": "transparent",
      "flexDirection": "column",
      "justifyContent": "center",
    }
  }
>
  <View
    colorScheme="light"
    colors={
      Object {
        "ShadeOne": "#eeeeee",
        "ShadeThree": "#8e8e93",
        "ShadeTwo": "#b5b5b5",
        "activeTintOne": "#e26901",
        "background": "#fff",
        "border": "#C9C9CE",
        "card": "#fff",
        "inActiveTintOne": "#e26901",
        "primary": "#1b365d",
        "screenBackground": "#eeeeee",
        "text": "#A59F9A",
        "textFive": "#555555",
        "textFour": "#4C4C4C",
        "textThree": "#000",
        "textTwo": "#777777",
      }
    }
    dark={false}
    style={
      Object {
        "alignItems": "center",
        "backgroundColor": "transparent",
        "flexDirection": "row",
        "justifyContent": "center",
      }
    }
  >
    <View
      style={
        Object {
          "marginLeft": 20.83275,
          "marginTop": 20.83275,
        }
      }
    >
      <View
        accessible={true}
        focusable={true}
        onClick={[Function]}
        onResponderGrant={[Function]}
        onResponderMove={[Function]}
        onResponderRelease={[Function]}
        onResponderTerminate={[Function]}
        onResponderTerminationRequest={[Function]}
        onStartShouldSetResponder={[Function]}
        style={
          Object {
            "alignItems": "center",
            "alignSelf": "center",
            "borderColor": "#1b365d",
            "borderRadius": 23.5,
            "borderWidth": 3,
            "height": 47,
            "justifyContent": "center",
            "opacity": 1,
            "width": 47,
          }
        }
      >
        <View
          style={
            Array [
              Object {
                "borderRadius": 10,
              },
              undefined,
              undefined,
              undefined,
            ]
          }
        />
      </View>
    </View>
  </View>
  <View
    colorScheme="light"
    colors={
      Object {
        "ShadeOne": "#eeeeee",
        "ShadeThree": "#8e8e93",
        "ShadeTwo": "#b5b5b5",
        "activeTintOne": "#e26901",
        "background": "#fff",
        "border": "#C9C9CE",
        "card": "#fff",
        "inActiveTintOne": "#e26901",
        "primary": "#1b365d",
        "screenBackground": "#eeeeee",
        "text": "#A59F9A",
        "textFive": "#555555",
        "textFour": "#4C4C4C",
        "textThree": "#000",
        "textTwo": "#777777",
      }
    }
    dark={false}
    style={
      Object {
        "alignItems": "center",
        "backgroundColor": "transparent",
        "flexDirection": "row",
        "justifyContent": "center",
      }
    }
  >
    <View
      style={
        Object {
          "marginLeft": 20.83275,
          "marginTop": 20.83275,
        }
      }
    >
      <View
        accessible={true}
        focusable={true}
        onClick={[Function]}
        onResponderGrant={[Function]}
        onResponderMove={[Function]}
        onResponderRelease={[Function]}
        onResponderTerminate={[Function]}
        onResponderTerminationRequest={[Function]}
        onStartShouldSetResponder={[Function]}
        style={
          Object {
            "alignItems": "center",
            "alignSelf": "center",
            "borderColor": "#1b365d",
            "borderRadius": 23.5,
            "borderWidth": 3,
            "height": 47,
            "justifyContent": "center",
            "opacity": 1,
            "width": 47,
          }
        }
      >
        <View
          style={
            Array [
              Object {
                "borderRadius": 10,
              },
              undefined,
              undefined,
              undefined,
            ]
          }
        />
      </View>
    </View>
  </View>
  <View
    colorScheme="light"
    colors={
      Object {
        "ShadeOne": "#eeeeee",
        "ShadeThree": "#8e8e93",
        "ShadeTwo": "#b5b5b5",
        "activeTintOne": "#e26901",
        "background": "#fff",
        "border": "#C9C9CE",
        "card": "#fff",
        "inActiveTintOne": "#e26901",
        "primary": "#1b365d",
        "screenBackground": "#eeeeee",
        "text": "#A59F9A",
        "textFive": "#555555",
        "textFour": "#4C4C4C",
        "textThree": "#000",
        "textTwo": "#777777",
      }
    }
    dark={false}
    style={
      Object {
        "alignItems": "center",
        "backgroundColor": "transparent",
        "flexDirection": "row",
        "justifyContent": "center",
      }
    }
  >
    <View
      style={
        Object {
          "marginLeft": 20.83275,
          "marginTop": 20.83275,
        }
      }
    >
      <View
        accessible={true}
        focusable={true}
        onClick={[Function]}
        onResponderGrant={[Function]}
        onResponderMove={[Function]}
        onResponderRelease={[Function]}
        onResponderTerminate={[Function]}
        onResponderTerminationRequest={[Function]}
        onStartShouldSetResponder={[Function]}
        style={
          Object {
            "alignItems": "center",
            "alignSelf": "center",
            "borderColor": "#1b365d",
            "borderRadius": 23.5,
            "borderWidth": 3,
            "height": 47,
            "justifyContent": "center",
            "opacity": 1,
            "width": 47,
          }
        }
      >
        <View
          style={
            Array [
              Object {
                "borderRadius": 10,
              },
              Object {
                "backgroundColor": "#2196f3",
                "height": 20,
                "width": 20,
              },
              Object {
                "borderRadius": 11.75,
                "height": 23.5,
                "width": 23.5,
              },
              Object {
                "backgroundColor": "#1b365d",
              },
            ]
          }
        />
      </View>
    </View>
  </View>
</View>
`;

exports[`renders SSetting when isTwoSelected using Snapshots 1`] = `
<View
  colorScheme="light"
  colors={
    Object {
      "ShadeOne": "#eeeeee",
      "ShadeThree": "#8e8e93",
      "ShadeTwo": "#b5b5b5",
      "activeTintOne": "#e26901",
      "background": "#fff",
      "border": "#C9C9CE",
      "card": "#fff",
      "inActiveTintOne": "#e26901",
      "primary": "#1b365d",
      "screenBackground": "#eeeeee",
      "text": "#A59F9A",
      "textFive": "#555555",
      "textFour": "#4C4C4C",
      "textThree": "#000",
      "textTwo": "#777777",
    }
  }
  dark={false}
  style={
    Object {
      "alignItems": "center",
      "backgroundColor": "transparent",
      "flexDirection": "column",
      "justifyContent": "center",
    }
  }
>
  <View
    colorScheme="light"
    colors={
      Object {
        "ShadeOne": "#eeeeee",
        "ShadeThree": "#8e8e93",
        "ShadeTwo": "#b5b5b5",
        "activeTintOne": "#e26901",
        "background": "#fff",
        "border": "#C9C9CE",
        "card": "#fff",
        "inActiveTintOne": "#e26901",
        "primary": "#1b365d",
        "screenBackground": "#eeeeee",
        "text": "#A59F9A",
        "textFive": "#555555",
        "textFour": "#4C4C4C",
        "textThree": "#000",
        "textTwo": "#777777",
      }
    }
    dark={false}
    style={
      Object {
        "alignItems": "center",
        "backgroundColor": "transparent",
        "flexDirection": "row",
        "justifyContent": "center",
      }
    }
  >
    <View
      style={
        Object {
          "marginLeft": 20.83275,
          "marginTop": 20.83275,
        }
      }
    >
      <View
        accessible={true}
        focusable={true}
        onClick={[Function]}
        onResponderGrant={[Function]}
        onResponderMove={[Function]}
        onResponderRelease={[Function]}
        onResponderTerminate={[Function]}
        onResponderTerminationRequest={[Function]}
        onStartShouldSetResponder={[Function]}
        style={
          Object {
            "alignItems": "center",
            "alignSelf": "center",
            "borderColor": "#1b365d",
            "borderRadius": 23.5,
            "borderWidth": 3,
            "height": 47,
            "justifyContent": "center",
            "opacity": 1,
            "width": 47,
          }
        }
      >
        <View
          style={
            Array [
              Object {
                "borderRadius": 10,
              },
              undefined,
              undefined,
              undefined,
            ]
          }
        />
      </View>
    </View>
  </View>
  <View
    colorScheme="light"
    colors={
      Object {
        "ShadeOne": "#eeeeee",
        "ShadeThree": "#8e8e93",
        "ShadeTwo": "#b5b5b5",
        "activeTintOne": "#e26901",
        "background": "#fff",
        "border": "#C9C9CE",
        "card": "#fff",
        "inActiveTintOne": "#e26901",
        "primary": "#1b365d",
        "screenBackground": "#eeeeee",
        "text": "#A59F9A",
        "textFive": "#555555",
        "textFour": "#4C4C4C",
        "textThree": "#000",
        "textTwo": "#777777",
      }
    }
    dark={false}
    style={
      Object {
        "alignItems": "center",
        "backgroundColor": "transparent",
        "flexDirection": "row",
        "justifyContent": "center",
      }
    }
  >
    <View
      style={
        Object {
          "marginLeft": 20.83275,
          "marginTop": 20.83275,
        }
      }
    >
      <View
        accessible={true}
        focusable={true}
        onClick={[Function]}
        onResponderGrant={[Function]}
        onResponderMove={[Function]}
        onResponderRelease={[Function]}
        onResponderTerminate={[Function]}
        onResponderTerminationRequest={[Function]}
        onStartShouldSetResponder={[Function]}
        style={
          Object {
            "alignItems": "center",
            "alignSelf": "center",
            "borderColor": "#1b365d",
            "borderRadius": 23.5,
            "borderWidth": 3,
            "height": 47,
            "justifyContent": "center",
            "opacity": 1,
            "width": 47,
          }
        }
      >
        <View
          style={
            Array [
              Object {
                "borderRadius": 10,
              },
              Object {
                "backgroundColor": "#2196f3",
                "height": 20,
                "width": 20,
              },
              Object {
                "borderRadius": 11.75,
                "height": 23.5,
                "width": 23.5,
              },
              Object {
                "backgroundColor": "#1b365d",
              },
            ]
          }
        />
      </View>
    </View>
  </View>
  <View
    colorScheme="light"
    colors={
      Object {
        "ShadeOne": "#eeeeee",
        "ShadeThree": "#8e8e93",
        "ShadeTwo": "#b5b5b5",
        "activeTintOne": "#e26901",
        "background": "#fff",
        "border": "#C9C9CE",
        "card": "#fff",
        "inActiveTintOne": "#e26901",
        "primary": "#1b365d",
        "screenBackground": "#eeeeee",
        "text": "#A59F9A",
        "textFive": "#555555",
        "textFour": "#4C4C4C",
        "textThree": "#000",
        "textTwo": "#777777",
      }
    }
    dark={false}
    style={
      Object {
        "alignItems": "center",
        "backgroundColor": "transparent",
        "flexDirection": "row",
        "justifyContent": "center",
      }
    }
  >
    <View
      style={
        Object {
          "marginLeft": 20.83275,
          "marginTop": 20.83275,
        }
      }
    >
      <View
        accessible={true}
        focusable={true}
        onClick={[Function]}
        onResponderGrant={[Function]}
        onResponderMove={[Function]}
        onResponderRelease={[Function]}
        onResponderTerminate={[Function]}
        onResponderTerminationRequest={[Function]}
        onStartShouldSetResponder={[Function]}
        style={
          Object {
            "alignItems": "center",
            "alignSelf": "center",
            "borderColor": "#1b365d",
            "borderRadius": 23.5,
            "borderWidth": 3,
            "height": 47,
            "justifyContent": "center",
            "opacity": 1,
            "width": 47,
          }
        }
      >
        <View
          style={
            Array [
              Object {
                "borderRadius": 10,
              },
              undefined,
              undefined,
              undefined,
            ]
          }
        />
      </View>
    </View>
  </View>
</View>
`;
